// Vitest Snapshot v1, https://vitest.dev/guide/snapshot.html

exports[`deleteDisruption > should write the correct disruptions data to dynamoDB 1`] = `"acde070d-8c4c-4f0d-9d8a-162843c10333"`;

exports[`deleteDisruption > should write the correct disruptions data to dynamoDB 2`] = `"acde070d-8c4c-4f0d-9d8a-162843c10333"`;
