// Vitest Snapshot v1, https://vitest.dev/guide/snapshot.html

exports[`getAllDisruptions > getDashboardDisruptions > should correctly parse disruptions 1`] = `
[
  {
    "consequenceLength": 2,
    "creationTime": undefined,
    "dataSource": undefined,
    "description": "Test description",
    "displayId": "8fg3ha",
    "disruptionReason": "staffInWrongPlace",
    "disruptionType": "planned",
    "history": undefined,
    "id": "acde070d-8c4c-4f0d-9d8a-162843c10333",
    "isLive": true,
    "isNetworkWideCq": true,
    "isOperatorWideCq": true,
    "modes": [
      "Tram",
      "Bus",
    ],
    "operators": [
      "FSYO",
    ],
    "publishEndDate": "",
    "publishStartDate": "2023-03-10T12:00:00.000Z",
    "services": [],
    "servicesAffectedCount": 0,
    "severity": "severe",
    "status": "draft",
    "stopsAffectedCount": 0,
    "summary": "Some summary",
    "validityPeriods": [
      {
        "endTime": "2023-03-17T17:00:00.000Z",
        "startTime": "2023-03-10T12:00:00.000Z",
      },
      {
        "endTime": null,
        "startTime": "2023-03-18T12:00:00.000Z",
      },
    ],
  },
  {
    "consequenceLength": 0,
    "creationTime": undefined,
    "dataSource": undefined,
    "description": "Test description",
    "displayId": "8fg3ha",
    "disruptionReason": "staffInWrongPlace",
    "disruptionType": "planned",
    "history": undefined,
    "id": "8e9b35a8-1c72-453d-93d5-27983bbf4eba",
    "isLive": true,
    "isNetworkWideCq": false,
    "isOperatorWideCq": false,
    "modes": [],
    "operators": [],
    "publishEndDate": "",
    "publishStartDate": "2023-03-10T12:00:00.000Z",
    "services": [],
    "servicesAffectedCount": 0,
    "severity": "unknown",
    "status": "draft",
    "stopsAffectedCount": 0,
    "summary": "Some summary",
    "validityPeriods": [
      {
        "endTime": "2023-03-17T17:00:00.000Z",
        "startTime": "2023-03-10T12:00:00.000Z",
      },
      {
        "endTime": null,
        "startTime": "2023-03-18T12:00:00.000Z",
      },
    ],
  },
  {
    "consequenceLength": 2,
    "creationTime": undefined,
    "dataSource": undefined,
    "description": "Test description",
    "displayId": "8fg3ha",
    "disruptionReason": "staffInWrongPlace",
    "disruptionType": "planned",
    "history": undefined,
    "id": "ca090776-57c6-46a1-a03a-6e0236ee17c8",
    "isLive": false,
    "isNetworkWideCq": true,
    "isOperatorWideCq": true,
    "modes": [
      "Tram",
      "Bus",
    ],
    "operators": [
      "FSYO",
    ],
    "publishEndDate": "",
    "publishStartDate": "2023-03-10T12:00:00.000Z",
    "services": [],
    "servicesAffectedCount": 0,
    "severity": "severe",
    "status": "open",
    "stopsAffectedCount": 0,
    "summary": "Some summary",
    "validityPeriods": [
      {
        "endTime": null,
        "startTime": "2024-03-10T10:00:00.000Z",
      },
    ],
  },
]
`;
