// Vitest Snapshot v1, https://vitest.dev/guide/snapshot.html

exports[`pages > ViewAllContents > should render correctly when filter is set to draft status 1`] = `
[
  <h1
    className="govuk-heading-xl"
  >
    View all disruptions
  </h1>,
  <div>
    <a
      className="govuk-button govuk-button--start"
      data-module="govuk-button"
      draggable="false"
      href="/create-disruption/acde070d-8c4c-4f0d-9d8a-162843c10333"
      id="create-new-button"
      onClick={[Function]}
      onMouseEnter={[Function]}
      onTouchStart={[Function]}
      role="button"
    >
      Create new disruption
      <svg
        className="govuk-button__start-icon"
        focusable="false"
        height="19"
        role="presentation"
        viewBox="0 0 33 40"
        width="17.5"
        xmlns="http://www.w3.org/2000/svg"
      >
        <path
          d="M0 0h13l20 20-20 20H0l20-20z"
          fill="currentColor"
        />
      </svg>
    </a>
    <div
      className="flex"
    >
      <button
        className="govuk-button govuk-button--secondary block"
        data-module="govuk-button"
        onClick={[Function]}
      >
        Show 
        filters
      </button>
      <button
        className="govuk-button govuk-button--secondary ml-2"
        data-module="govuk-button"
        onClick={[Function]}
      >
        Export
      </button>
    </div>
  </div>,
  <table
    className="govuk-table"
  >
    <thead
      className="govuk-table__head"
    >
      <tr
        className="govuk-table__row"
      >
        <th
          className="govuk-table__header align-middle px-2"
          scope="col"
        >
          ID
        </th>
        <th
          className="govuk-table__header align-middle px-2"
          scope="col"
        >
          Summary
        </th>
        <th
          className="govuk-table__header align-middle px-2"
          scope="col"
        >
          Modes
        </th>
        <th
          className="govuk-table__header align-middle px-2"
          scope="col"
        >
          Starts
        </th>
        <th
          className="govuk-table__header align-middle px-2"
          scope="col"
        >
          Ends
        </th>
        <th
          className="govuk-table__header align-middle px-2"
          scope="col"
        >
          Severity
        </th>
        <th
          className="govuk-table__header align-middle px-2"
          scope="col"
        >
          Status
        </th>
      </tr>
    </thead>
    <tbody
      className="govuk-table__body"
    >
      <tr
        className="govuk-table__row"
      >
        <th
          className="govuk-table__header align-middle"
          scope="row"
        >
          <a
            className="govuk-link"
            href="/disruption-detail/c58ba826-ac18-41c5-8476-8172dfa6ea24?return=%2Fview-all-templates"
            onClick={[Function]}
            onMouseEnter={[Function]}
            onTouchStart={[Function]}
          >
            8fg3ha
          </a>
        </th>
        <td
          className="govuk-table__cell align-middle overflow-hidden px-2 max-w-2xl "
        >
          Alien attack - counter attack needed immediately to conserve human life. Aliens are known to be...
        </td>
        <td
          className="govuk-table__cell align-middle overflow-hidden px-2 max-w-2xl "
        >
          Tram
        </td>
        <td
          className="govuk-table__cell align-middle overflow-hidden px-2 max-w-2xl "
        >
          05/01/2022
        </td>
        <td
          className="govuk-table__cell align-middle overflow-hidden px-2 max-w-2xl "
        >
          No end time
        </td>
        <td
          className="govuk-table__cell align-middle overflow-hidden px-2 max-w-2xl "
        >
          Very severe
        </td>
        <td
          className="govuk-table__cell align-middle overflow-hidden px-2 max-w-2xl "
        >
          Open
        </td>
      </tr>
      <tr
        className="govuk-table__row"
      >
        <th
          className="govuk-table__header align-middle"
          scope="row"
        >
          <a
            className="govuk-link"
            href="/disruption-detail/e234615d-8301-49c2-8143-1fca9dc187db?return=%2Fview-all-templates"
            onClick={[Function]}
            onMouseEnter={[Function]}
            onTouchStart={[Function]}
          >
            8fg3ha
          </a>
        </th>
        <td
          className="govuk-table__cell align-middle overflow-hidden px-2 max-w-2xl "
        >
          Alien attack - counter attack needed immediately to conserve human life. Aliens are known to be...
        </td>
        <td
          className="govuk-table__cell align-middle overflow-hidden px-2 max-w-2xl "
        >
          Tram
        </td>
        <td
          className="govuk-table__cell align-middle overflow-hidden px-2 max-w-2xl "
        >
          18/01/2022
        </td>
        <td
          className="govuk-table__cell align-middle overflow-hidden px-2 max-w-2xl "
        >
          No end time
        </td>
        <td
          className="govuk-table__cell align-middle overflow-hidden px-2 max-w-2xl "
        >
          Very severe
        </td>
        <td
          className="govuk-table__cell align-middle overflow-hidden px-2 max-w-2xl "
        >
          Open
        </td>
      </tr>
      <tr
        className="govuk-table__row"
      >
        <th
          className="govuk-table__header align-middle"
          scope="row"
        >
          <a
            className="govuk-link"
            href="/type-of-consequence/dfd19560-99c1-4da6-8a73-de1220f37056/0?return=%2Fview-all-templates"
            onClick={[Function]}
            onMouseEnter={[Function]}
            onTouchStart={[Function]}
          >
            8fg3ha
          </a>
        </th>
        <td
          className="govuk-table__cell align-middle overflow-hidden px-2 max-w-2xl "
        >
          Busted reunion traffic
        </td>
        <td
          className="govuk-table__cell align-middle overflow-hidden px-2 max-w-2xl "
        >
          Tram, Ferry, Train
        </td>
        <td
          className="govuk-table__cell align-middle overflow-hidden px-2 max-w-2xl "
        >
          19/01/2022
        </td>
        <td
          className="govuk-table__cell align-middle overflow-hidden px-2 max-w-2xl "
        >
          11/05/2024
        </td>
        <td
          className="govuk-table__cell align-middle overflow-hidden px-2 max-w-2xl "
        >
          Severe
        </td>
        <td
          className="govuk-table__cell align-middle overflow-hidden px-2 max-w-2xl "
        >
          Draft
        </td>
      </tr>
      <tr
        className="govuk-table__row"
      >
        <th
          className="govuk-table__header align-middle"
          scope="row"
        >
          <a
            className="govuk-link"
            href="/disruption-detail/c58ba826-ac18-41c5-8476-8172dfa6ea24?return=%2Fview-all-templates"
            onClick={[Function]}
            onMouseEnter={[Function]}
            onTouchStart={[Function]}
          >
            8fg3ha
          </a>
        </th>
        <td
          className="govuk-table__cell align-middle overflow-hidden px-2 max-w-2xl "
        >
          Alien attack - counter attack needed immediately to conserve human life. Aliens are known to be...
        </td>
        <td
          className="govuk-table__cell align-middle overflow-hidden px-2 max-w-2xl "
        >
          Tram
        </td>
        <td
          className="govuk-table__cell align-middle overflow-hidden px-2 max-w-2xl "
        >
          05/01/2022
        </td>
        <td
          className="govuk-table__cell align-middle overflow-hidden px-2 max-w-2xl "
        >
          No end time
        </td>
        <td
          className="govuk-table__cell align-middle overflow-hidden px-2 max-w-2xl "
        >
          Very severe
        </td>
        <td
          className="govuk-table__cell align-middle overflow-hidden px-2 max-w-2xl "
        >
          Open
        </td>
      </tr>
      <tr
        className="govuk-table__row"
      >
        <th
          className="govuk-table__header align-middle"
          scope="row"
        >
          <a
            className="govuk-link"
            href="/disruption-detail/e234615d-8301-49c2-8143-1fca9dc187db?return=%2Fview-all-templates"
            onClick={[Function]}
            onMouseEnter={[Function]}
            onTouchStart={[Function]}
          >
            8fg3ha
          </a>
        </th>
        <td
          className="govuk-table__cell align-middle overflow-hidden px-2 max-w-2xl "
        >
          Alien attack - counter attack needed immediately to conserve human life. Aliens are known to be...
        </td>
        <td
          className="govuk-table__cell align-middle overflow-hidden px-2 max-w-2xl "
        >
          Tram
        </td>
        <td
          className="govuk-table__cell align-middle overflow-hidden px-2 max-w-2xl "
        >
          18/01/2022
        </td>
        <td
          className="govuk-table__cell align-middle overflow-hidden px-2 max-w-2xl "
        >
          No end time
        </td>
        <td
          className="govuk-table__cell align-middle overflow-hidden px-2 max-w-2xl "
        >
          Very severe
        </td>
        <td
          className="govuk-table__cell align-middle overflow-hidden px-2 max-w-2xl "
        >
          Open
        </td>
      </tr>
      <tr
        className="govuk-table__row"
      >
        <th
          className="govuk-table__header align-middle"
          scope="row"
        >
          <a
            className="govuk-link"
            href="/type-of-consequence/dfd19560-99c1-4da6-8a73-de1220f37056/0?return=%2Fview-all-templates"
            onClick={[Function]}
            onMouseEnter={[Function]}
            onTouchStart={[Function]}
          >
            8fg3ha
          </a>
        </th>
        <td
          className="govuk-table__cell align-middle overflow-hidden px-2 max-w-2xl "
        >
          Busted reunion traffic
        </td>
        <td
          className="govuk-table__cell align-middle overflow-hidden px-2 max-w-2xl "
        >
          Tram, Ferry, Train
        </td>
        <td
          className="govuk-table__cell align-middle overflow-hidden px-2 max-w-2xl "
        >
          19/01/2022
        </td>
        <td
          className="govuk-table__cell align-middle overflow-hidden px-2 max-w-2xl "
        >
          11/05/2024
        </td>
        <td
          className="govuk-table__cell align-middle overflow-hidden px-2 max-w-2xl "
        >
          Severe
        </td>
        <td
          className="govuk-table__cell align-middle overflow-hidden px-2 max-w-2xl "
        >
          Draft
        </td>
      </tr>
      <tr
        className="govuk-table__row"
      >
        <th
          className="govuk-table__header align-middle"
          scope="row"
        >
          <a
            className="govuk-link"
            href="/disruption-detail/c58ba826-ac18-41c5-8476-8172dfa6ea24?return=%2Fview-all-templates"
            onClick={[Function]}
            onMouseEnter={[Function]}
            onTouchStart={[Function]}
          >
            8fg3ha
          </a>
        </th>
        <td
          className="govuk-table__cell align-middle overflow-hidden px-2 max-w-2xl "
        >
          Alien attack - counter attack needed immediately to conserve human life. Aliens are known to be...
        </td>
        <td
          className="govuk-table__cell align-middle overflow-hidden px-2 max-w-2xl "
        >
          Tram
        </td>
        <td
          className="govuk-table__cell align-middle overflow-hidden px-2 max-w-2xl "
        >
          05/01/2022
        </td>
        <td
          className="govuk-table__cell align-middle overflow-hidden px-2 max-w-2xl "
        >
          No end time
        </td>
        <td
          className="govuk-table__cell align-middle overflow-hidden px-2 max-w-2xl "
        >
          Very severe
        </td>
        <td
          className="govuk-table__cell align-middle overflow-hidden px-2 max-w-2xl "
        >
          Open
        </td>
      </tr>
      <tr
        className="govuk-table__row"
      >
        <th
          className="govuk-table__header align-middle"
          scope="row"
        >
          <a
            className="govuk-link"
            href="/disruption-detail/e234615d-8301-49c2-8143-1fca9dc187db?return=%2Fview-all-templates"
            onClick={[Function]}
            onMouseEnter={[Function]}
            onTouchStart={[Function]}
          >
            8fg3ha
          </a>
        </th>
        <td
          className="govuk-table__cell align-middle overflow-hidden px-2 max-w-2xl "
        >
          Alien attack - counter attack needed immediately to conserve human life. Aliens are known to be...
        </td>
        <td
          className="govuk-table__cell align-middle overflow-hidden px-2 max-w-2xl "
        >
          Tram
        </td>
        <td
          className="govuk-table__cell align-middle overflow-hidden px-2 max-w-2xl "
        >
          18/01/2022
        </td>
        <td
          className="govuk-table__cell align-middle overflow-hidden px-2 max-w-2xl "
        >
          No end time
        </td>
        <td
          className="govuk-table__cell align-middle overflow-hidden px-2 max-w-2xl "
        >
          Very severe
        </td>
        <td
          className="govuk-table__cell align-middle overflow-hidden px-2 max-w-2xl "
        >
          Open
        </td>
      </tr>
      <tr
        className="govuk-table__row"
      >
        <th
          className="govuk-table__header align-middle"
          scope="row"
        >
          <a
            className="govuk-link"
            href="/type-of-consequence/dfd19560-99c1-4da6-8a73-de1220f37056/0?return=%2Fview-all-templates"
            onClick={[Function]}
            onMouseEnter={[Function]}
            onTouchStart={[Function]}
          >
            8fg3ha
          </a>
        </th>
        <td
          className="govuk-table__cell align-middle overflow-hidden px-2 max-w-2xl "
        >
          Busted reunion traffic
        </td>
        <td
          className="govuk-table__cell align-middle overflow-hidden px-2 max-w-2xl "
        >
          Tram, Ferry, Train
        </td>
        <td
          className="govuk-table__cell align-middle overflow-hidden px-2 max-w-2xl "
        >
          19/01/2022
        </td>
        <td
          className="govuk-table__cell align-middle overflow-hidden px-2 max-w-2xl "
        >
          11/05/2024
        </td>
        <td
          className="govuk-table__cell align-middle overflow-hidden px-2 max-w-2xl "
        >
          Severe
        </td>
        <td
          className="govuk-table__cell align-middle overflow-hidden px-2 max-w-2xl "
        >
          Draft
        </td>
      </tr>
      <tr
        className="govuk-table__row"
      >
        <th
          className="govuk-table__header align-middle"
          scope="row"
        >
          <a
            className="govuk-link"
            href="/disruption-detail/c58ba826-ac18-41c5-8476-8172dfa6ea24?return=%2Fview-all-templates"
            onClick={[Function]}
            onMouseEnter={[Function]}
            onTouchStart={[Function]}
          >
            8fg3ha
          </a>
        </th>
        <td
          className="govuk-table__cell align-middle overflow-hidden px-2 max-w-2xl "
        >
          Alien attack - counter attack needed immediately to conserve human life. Aliens are known to be...
        </td>
        <td
          className="govuk-table__cell align-middle overflow-hidden px-2 max-w-2xl "
        >
          Tram
        </td>
        <td
          className="govuk-table__cell align-middle overflow-hidden px-2 max-w-2xl "
        >
          05/01/2022
        </td>
        <td
          className="govuk-table__cell align-middle overflow-hidden px-2 max-w-2xl "
        >
          No end time
        </td>
        <td
          className="govuk-table__cell align-middle overflow-hidden px-2 max-w-2xl "
        >
          Very severe
        </td>
        <td
          className="govuk-table__cell align-middle overflow-hidden px-2 max-w-2xl "
        >
          Open
        </td>
      </tr>
    </tbody>
  </table>,
  <nav
    className="govuk-pagination justify-center"
    role="navigation"
  >
    <ul
      className="govuk-pagination__list"
    >
       
      <li
        className="govuk-pagination__item govuk-pagination__item--current"
      >
        <a
          aria-label="Page 1"
          className="govuk-link govuk-pagination__link"
          data-module="govuk-button"
          draggable="false"
          href="#"
          onClick={[Function]}
          onMouseEnter={[Function]}
          onTouchStart={[Function]}
          role="button"
        >
          1
           
        </a>
      </li>
      <li
        className="govuk-pagination__item"
      >
        <a
          aria-label="Page 2"
          className="govuk-link govuk-pagination__link"
          data-module="govuk-button"
          draggable="false"
          href="#"
          onClick={[Function]}
          onMouseEnter={[Function]}
          onTouchStart={[Function]}
          role="button"
        >
          2
           
        </a>
      </li>
    </ul>
    <div
      className="govuk-pagination__next"
    >
      <a
        aria-label="Page 2"
        className="govuk-link govuk-pagination__link"
        data-module="govuk-button"
        draggable="false"
        href=""
        onClick={[Function]}
        onMouseEnter={[Function]}
        onTouchStart={[Function]}
        rel="next"
        role="button"
      >
        <span
          className="govuk-pagination__link-title"
        >
          Next
        </span>
         
        <svg
          aria-hidden="true"
          className="govuk-pagination__icon govuk-pagination__icon--next"
          focusable="false"
          height="13"
          viewBox="0 0 15 13"
          width="15"
          xmlns="http://www.w3.org/2000/svg"
        >
          <path
            d="m8.107-0.0078125-1.4136 1.414 4.2926 4.293h-12.986v2h12.896l-4.1855 3.9766 1.377 1.4492 6.7441-6.4062-6.7246-6.7266z"
          />
        </svg>
      </a>
    </div>
  </nav>,
]
`;

exports[`pages > ViewAllContents > should render correctly when filter is set to pending approval status 1`] = `
[
  <h1
    className="govuk-heading-xl"
  >
    View all disruptions
  </h1>,
  <div>
    <a
      className="govuk-button govuk-button--start"
      data-module="govuk-button"
      draggable="false"
      href="/create-disruption/acde070d-8c4c-4f0d-9d8a-162843c10333"
      id="create-new-button"
      onClick={[Function]}
      onMouseEnter={[Function]}
      onTouchStart={[Function]}
      role="button"
    >
      Create new disruption
      <svg
        className="govuk-button__start-icon"
        focusable="false"
        height="19"
        role="presentation"
        viewBox="0 0 33 40"
        width="17.5"
        xmlns="http://www.w3.org/2000/svg"
      >
        <path
          d="M0 0h13l20 20-20 20H0l20-20z"
          fill="currentColor"
        />
      </svg>
    </a>
    <div
      className="flex"
    >
      <button
        className="govuk-button govuk-button--secondary block"
        data-module="govuk-button"
        onClick={[Function]}
      >
        Show 
        filters
      </button>
      <button
        className="govuk-button govuk-button--secondary ml-2"
        data-module="govuk-button"
        onClick={[Function]}
      >
        Export
      </button>
    </div>
  </div>,
  <table
    className="govuk-table"
  >
    <thead
      className="govuk-table__head"
    >
      <tr
        className="govuk-table__row"
      >
        <th
          className="govuk-table__header align-middle px-2"
          scope="col"
        >
          ID
        </th>
        <th
          className="govuk-table__header align-middle px-2"
          scope="col"
        >
          Summary
        </th>
        <th
          className="govuk-table__header align-middle px-2"
          scope="col"
        >
          Modes
        </th>
        <th
          className="govuk-table__header align-middle px-2"
          scope="col"
        >
          Starts
        </th>
        <th
          className="govuk-table__header align-middle px-2"
          scope="col"
        >
          Ends
        </th>
        <th
          className="govuk-table__header align-middle px-2"
          scope="col"
        >
          Severity
        </th>
        <th
          className="govuk-table__header align-middle px-2"
          scope="col"
        >
          Status
        </th>
      </tr>
    </thead>
    <tbody
      className="govuk-table__body"
    >
      <tr
        className="govuk-table__row"
      >
        <th
          className="govuk-table__header align-middle"
          scope="row"
        >
          <a
            className="govuk-link"
            href="/disruption-detail/c58ba826-ac18-41c5-8476-8172dfa6ea24?return=%2Fview-all-templates"
            onClick={[Function]}
            onMouseEnter={[Function]}
            onTouchStart={[Function]}
          >
            8fg3ha
          </a>
        </th>
        <td
          className="govuk-table__cell align-middle overflow-hidden px-2 max-w-2xl "
        >
          Alien attack - counter attack needed immediately to conserve human life. Aliens are known to be...
        </td>
        <td
          className="govuk-table__cell align-middle overflow-hidden px-2 max-w-2xl "
        >
          Tram
        </td>
        <td
          className="govuk-table__cell align-middle overflow-hidden px-2 max-w-2xl "
        >
          05/01/2022
        </td>
        <td
          className="govuk-table__cell align-middle overflow-hidden px-2 max-w-2xl "
        >
          No end time
        </td>
        <td
          className="govuk-table__cell align-middle overflow-hidden px-2 max-w-2xl "
        >
          Very severe
        </td>
        <td
          className="govuk-table__cell align-middle overflow-hidden px-2 max-w-2xl "
        >
          Open
        </td>
      </tr>
      <tr
        className="govuk-table__row"
      >
        <th
          className="govuk-table__header align-middle"
          scope="row"
        >
          <a
            className="govuk-link"
            href="/disruption-detail/e234615d-8301-49c2-8143-1fca9dc187db?return=%2Fview-all-templates"
            onClick={[Function]}
            onMouseEnter={[Function]}
            onTouchStart={[Function]}
          >
            8fg3ha
          </a>
        </th>
        <td
          className="govuk-table__cell align-middle overflow-hidden px-2 max-w-2xl "
        >
          Alien attack - counter attack needed immediately to conserve human life. Aliens are known to be...
        </td>
        <td
          className="govuk-table__cell align-middle overflow-hidden px-2 max-w-2xl "
        >
          Tram
        </td>
        <td
          className="govuk-table__cell align-middle overflow-hidden px-2 max-w-2xl "
        >
          18/01/2022
        </td>
        <td
          className="govuk-table__cell align-middle overflow-hidden px-2 max-w-2xl "
        >
          No end time
        </td>
        <td
          className="govuk-table__cell align-middle overflow-hidden px-2 max-w-2xl "
        >
          Very severe
        </td>
        <td
          className="govuk-table__cell align-middle overflow-hidden px-2 max-w-2xl "
        >
          Open
        </td>
      </tr>
      <tr
        className="govuk-table__row"
      >
        <th
          className="govuk-table__header align-middle"
          scope="row"
        >
          <a
            className="govuk-link"
            href="/type-of-consequence/dfd19560-99c1-4da6-8a73-de1220f37056/0?return=%2Fview-all-templates"
            onClick={[Function]}
            onMouseEnter={[Function]}
            onTouchStart={[Function]}
          >
            8fg3ha
          </a>
        </th>
        <td
          className="govuk-table__cell align-middle overflow-hidden px-2 max-w-2xl "
        >
          Busted reunion traffic
        </td>
        <td
          className="govuk-table__cell align-middle overflow-hidden px-2 max-w-2xl "
        >
          Tram, Ferry, Train
        </td>
        <td
          className="govuk-table__cell align-middle overflow-hidden px-2 max-w-2xl "
        >
          19/01/2022
        </td>
        <td
          className="govuk-table__cell align-middle overflow-hidden px-2 max-w-2xl "
        >
          11/05/2024
        </td>
        <td
          className="govuk-table__cell align-middle overflow-hidden px-2 max-w-2xl "
        >
          Severe
        </td>
        <td
          className="govuk-table__cell align-middle overflow-hidden px-2 max-w-2xl "
        >
          Draft
        </td>
      </tr>
      <tr
        className="govuk-table__row"
      >
        <th
          className="govuk-table__header align-middle"
          scope="row"
        >
          <a
            className="govuk-link"
            href="/disruption-detail/c58ba826-ac18-41c5-8476-8172dfa6ea24?return=%2Fview-all-templates"
            onClick={[Function]}
            onMouseEnter={[Function]}
            onTouchStart={[Function]}
          >
            8fg3ha
          </a>
        </th>
        <td
          className="govuk-table__cell align-middle overflow-hidden px-2 max-w-2xl "
        >
          Alien attack - counter attack needed immediately to conserve human life. Aliens are known to be...
        </td>
        <td
          className="govuk-table__cell align-middle overflow-hidden px-2 max-w-2xl "
        >
          Tram
        </td>
        <td
          className="govuk-table__cell align-middle overflow-hidden px-2 max-w-2xl "
        >
          05/01/2022
        </td>
        <td
          className="govuk-table__cell align-middle overflow-hidden px-2 max-w-2xl "
        >
          No end time
        </td>
        <td
          className="govuk-table__cell align-middle overflow-hidden px-2 max-w-2xl "
        >
          Very severe
        </td>
        <td
          className="govuk-table__cell align-middle overflow-hidden px-2 max-w-2xl "
        >
          Open
        </td>
      </tr>
      <tr
        className="govuk-table__row"
      >
        <th
          className="govuk-table__header align-middle"
          scope="row"
        >
          <a
            className="govuk-link"
            href="/disruption-detail/e234615d-8301-49c2-8143-1fca9dc187db?return=%2Fview-all-templates"
            onClick={[Function]}
            onMouseEnter={[Function]}
            onTouchStart={[Function]}
          >
            8fg3ha
          </a>
        </th>
        <td
          className="govuk-table__cell align-middle overflow-hidden px-2 max-w-2xl "
        >
          Alien attack - counter attack needed immediately to conserve human life. Aliens are known to be...
        </td>
        <td
          className="govuk-table__cell align-middle overflow-hidden px-2 max-w-2xl "
        >
          Tram
        </td>
        <td
          className="govuk-table__cell align-middle overflow-hidden px-2 max-w-2xl "
        >
          18/01/2022
        </td>
        <td
          className="govuk-table__cell align-middle overflow-hidden px-2 max-w-2xl "
        >
          No end time
        </td>
        <td
          className="govuk-table__cell align-middle overflow-hidden px-2 max-w-2xl "
        >
          Very severe
        </td>
        <td
          className="govuk-table__cell align-middle overflow-hidden px-2 max-w-2xl "
        >
          Open
        </td>
      </tr>
      <tr
        className="govuk-table__row"
      >
        <th
          className="govuk-table__header align-middle"
          scope="row"
        >
          <a
            className="govuk-link"
            href="/type-of-consequence/dfd19560-99c1-4da6-8a73-de1220f37056/0?return=%2Fview-all-templates"
            onClick={[Function]}
            onMouseEnter={[Function]}
            onTouchStart={[Function]}
          >
            8fg3ha
          </a>
        </th>
        <td
          className="govuk-table__cell align-middle overflow-hidden px-2 max-w-2xl "
        >
          Busted reunion traffic
        </td>
        <td
          className="govuk-table__cell align-middle overflow-hidden px-2 max-w-2xl "
        >
          Tram, Ferry, Train
        </td>
        <td
          className="govuk-table__cell align-middle overflow-hidden px-2 max-w-2xl "
        >
          19/01/2022
        </td>
        <td
          className="govuk-table__cell align-middle overflow-hidden px-2 max-w-2xl "
        >
          11/05/2024
        </td>
        <td
          className="govuk-table__cell align-middle overflow-hidden px-2 max-w-2xl "
        >
          Severe
        </td>
        <td
          className="govuk-table__cell align-middle overflow-hidden px-2 max-w-2xl "
        >
          Draft
        </td>
      </tr>
      <tr
        className="govuk-table__row"
      >
        <th
          className="govuk-table__header align-middle"
          scope="row"
        >
          <a
            className="govuk-link"
            href="/disruption-detail/c58ba826-ac18-41c5-8476-8172dfa6ea24?return=%2Fview-all-templates"
            onClick={[Function]}
            onMouseEnter={[Function]}
            onTouchStart={[Function]}
          >
            8fg3ha
          </a>
        </th>
        <td
          className="govuk-table__cell align-middle overflow-hidden px-2 max-w-2xl "
        >
          Alien attack - counter attack needed immediately to conserve human life. Aliens are known to be...
        </td>
        <td
          className="govuk-table__cell align-middle overflow-hidden px-2 max-w-2xl "
        >
          Tram
        </td>
        <td
          className="govuk-table__cell align-middle overflow-hidden px-2 max-w-2xl "
        >
          05/01/2022
        </td>
        <td
          className="govuk-table__cell align-middle overflow-hidden px-2 max-w-2xl "
        >
          No end time
        </td>
        <td
          className="govuk-table__cell align-middle overflow-hidden px-2 max-w-2xl "
        >
          Very severe
        </td>
        <td
          className="govuk-table__cell align-middle overflow-hidden px-2 max-w-2xl "
        >
          Open
        </td>
      </tr>
      <tr
        className="govuk-table__row"
      >
        <th
          className="govuk-table__header align-middle"
          scope="row"
        >
          <a
            className="govuk-link"
            href="/disruption-detail/e234615d-8301-49c2-8143-1fca9dc187db?return=%2Fview-all-templates"
            onClick={[Function]}
            onMouseEnter={[Function]}
            onTouchStart={[Function]}
          >
            8fg3ha
          </a>
        </th>
        <td
          className="govuk-table__cell align-middle overflow-hidden px-2 max-w-2xl "
        >
          Alien attack - counter attack needed immediately to conserve human life. Aliens are known to be...
        </td>
        <td
          className="govuk-table__cell align-middle overflow-hidden px-2 max-w-2xl "
        >
          Tram
        </td>
        <td
          className="govuk-table__cell align-middle overflow-hidden px-2 max-w-2xl "
        >
          18/01/2022
        </td>
        <td
          className="govuk-table__cell align-middle overflow-hidden px-2 max-w-2xl "
        >
          No end time
        </td>
        <td
          className="govuk-table__cell align-middle overflow-hidden px-2 max-w-2xl "
        >
          Very severe
        </td>
        <td
          className="govuk-table__cell align-middle overflow-hidden px-2 max-w-2xl "
        >
          Open
        </td>
      </tr>
      <tr
        className="govuk-table__row"
      >
        <th
          className="govuk-table__header align-middle"
          scope="row"
        >
          <a
            className="govuk-link"
            href="/type-of-consequence/dfd19560-99c1-4da6-8a73-de1220f37056/0?return=%2Fview-all-templates"
            onClick={[Function]}
            onMouseEnter={[Function]}
            onTouchStart={[Function]}
          >
            8fg3ha
          </a>
        </th>
        <td
          className="govuk-table__cell align-middle overflow-hidden px-2 max-w-2xl "
        >
          Busted reunion traffic
        </td>
        <td
          className="govuk-table__cell align-middle overflow-hidden px-2 max-w-2xl "
        >
          Tram, Ferry, Train
        </td>
        <td
          className="govuk-table__cell align-middle overflow-hidden px-2 max-w-2xl "
        >
          19/01/2022
        </td>
        <td
          className="govuk-table__cell align-middle overflow-hidden px-2 max-w-2xl "
        >
          11/05/2024
        </td>
        <td
          className="govuk-table__cell align-middle overflow-hidden px-2 max-w-2xl "
        >
          Severe
        </td>
        <td
          className="govuk-table__cell align-middle overflow-hidden px-2 max-w-2xl "
        >
          Draft
        </td>
      </tr>
      <tr
        className="govuk-table__row"
      >
        <th
          className="govuk-table__header align-middle"
          scope="row"
        >
          <a
            className="govuk-link"
            href="/disruption-detail/c58ba826-ac18-41c5-8476-8172dfa6ea24?return=%2Fview-all-templates"
            onClick={[Function]}
            onMouseEnter={[Function]}
            onTouchStart={[Function]}
          >
            8fg3ha
          </a>
        </th>
        <td
          className="govuk-table__cell align-middle overflow-hidden px-2 max-w-2xl "
        >
          Alien attack - counter attack needed immediately to conserve human life. Aliens are known to be...
        </td>
        <td
          className="govuk-table__cell align-middle overflow-hidden px-2 max-w-2xl "
        >
          Tram
        </td>
        <td
          className="govuk-table__cell align-middle overflow-hidden px-2 max-w-2xl "
        >
          05/01/2022
        </td>
        <td
          className="govuk-table__cell align-middle overflow-hidden px-2 max-w-2xl "
        >
          No end time
        </td>
        <td
          className="govuk-table__cell align-middle overflow-hidden px-2 max-w-2xl "
        >
          Very severe
        </td>
        <td
          className="govuk-table__cell align-middle overflow-hidden px-2 max-w-2xl "
        >
          Open
        </td>
      </tr>
    </tbody>
  </table>,
  <nav
    className="govuk-pagination justify-center"
    role="navigation"
  >
    <ul
      className="govuk-pagination__list"
    >
       
      <li
        className="govuk-pagination__item govuk-pagination__item--current"
      >
        <a
          aria-label="Page 1"
          className="govuk-link govuk-pagination__link"
          data-module="govuk-button"
          draggable="false"
          href="#"
          onClick={[Function]}
          onMouseEnter={[Function]}
          onTouchStart={[Function]}
          role="button"
        >
          1
           
        </a>
      </li>
      <li
        className="govuk-pagination__item"
      >
        <a
          aria-label="Page 2"
          className="govuk-link govuk-pagination__link"
          data-module="govuk-button"
          draggable="false"
          href="#"
          onClick={[Function]}
          onMouseEnter={[Function]}
          onTouchStart={[Function]}
          role="button"
        >
          2
           
        </a>
      </li>
    </ul>
    <div
      className="govuk-pagination__next"
    >
      <a
        aria-label="Page 2"
        className="govuk-link govuk-pagination__link"
        data-module="govuk-button"
        draggable="false"
        href=""
        onClick={[Function]}
        onMouseEnter={[Function]}
        onTouchStart={[Function]}
        rel="next"
        role="button"
      >
        <span
          className="govuk-pagination__link-title"
        >
          Next
        </span>
         
        <svg
          aria-hidden="true"
          className="govuk-pagination__icon govuk-pagination__icon--next"
          focusable="false"
          height="13"
          viewBox="0 0 15 13"
          width="15"
          xmlns="http://www.w3.org/2000/svg"
        >
          <path
            d="m8.107-0.0078125-1.4136 1.414 4.2926 4.293h-12.986v2h12.896l-4.1855 3.9766 1.377 1.4492 6.7441-6.4062-6.7246-6.7266z"
          />
        </svg>
      </a>
    </div>
  </nav>,
]
`;

exports[`pages > ViewAllContents > should render correctly when there are enough disruptions for no pagination 1`] = `
[
  <h1
    className="govuk-heading-xl"
  >
    View all disruptions
  </h1>,
  <div>
    <a
      className="govuk-button govuk-button--start"
      data-module="govuk-button"
      draggable="false"
      href="/create-disruption/acde070d-8c4c-4f0d-9d8a-162843c10333"
      id="create-new-button"
      onClick={[Function]}
      onMouseEnter={[Function]}
      onTouchStart={[Function]}
      role="button"
    >
      Create new disruption
      <svg
        className="govuk-button__start-icon"
        focusable="false"
        height="19"
        role="presentation"
        viewBox="0 0 33 40"
        width="17.5"
        xmlns="http://www.w3.org/2000/svg"
      >
        <path
          d="M0 0h13l20 20-20 20H0l20-20z"
          fill="currentColor"
        />
      </svg>
    </a>
    <div
      className="flex"
    >
      <button
        className="govuk-button govuk-button--secondary block"
        data-module="govuk-button"
        onClick={[Function]}
      >
        Show 
        filters
      </button>
      <button
        className="govuk-button govuk-button--secondary ml-2"
        data-module="govuk-button"
        onClick={[Function]}
      >
        Export
      </button>
    </div>
  </div>,
  <table
    className="govuk-table"
  >
    <thead
      className="govuk-table__head"
    >
      <tr
        className="govuk-table__row"
      >
        <th
          className="govuk-table__header align-middle px-2"
          scope="col"
        >
          ID
        </th>
        <th
          className="govuk-table__header align-middle px-2"
          scope="col"
        >
          Summary
        </th>
        <th
          className="govuk-table__header align-middle px-2"
          scope="col"
        >
          Modes
        </th>
        <th
          className="govuk-table__header align-middle px-2"
          scope="col"
        >
          Starts
        </th>
        <th
          className="govuk-table__header align-middle px-2"
          scope="col"
        >
          Ends
        </th>
        <th
          className="govuk-table__header align-middle px-2"
          scope="col"
        >
          Severity
        </th>
        <th
          className="govuk-table__header align-middle px-2"
          scope="col"
        >
          Status
        </th>
      </tr>
    </thead>
    <tbody
      className="govuk-table__body"
    >
      <tr
        className="govuk-table__row"
      >
        <th
          className="govuk-table__header align-middle"
          scope="row"
        >
          <a
            className="govuk-link"
            href="/disruption-detail/c58ba826-ac18-41c5-8476-8172dfa6ea24?return=%2Fview-all-templates"
            onClick={[Function]}
            onMouseEnter={[Function]}
            onTouchStart={[Function]}
          >
            8fg3ha
          </a>
        </th>
        <td
          className="govuk-table__cell align-middle overflow-hidden px-2 max-w-2xl "
        >
          Alien attack - counter attack needed immediately to conserve human life. Aliens are known to be...
        </td>
        <td
          className="govuk-table__cell align-middle overflow-hidden px-2 max-w-2xl "
        >
          Tram
        </td>
        <td
          className="govuk-table__cell align-middle overflow-hidden px-2 max-w-2xl "
        >
          05/01/2022
        </td>
        <td
          className="govuk-table__cell align-middle overflow-hidden px-2 max-w-2xl "
        >
          No end time
        </td>
        <td
          className="govuk-table__cell align-middle overflow-hidden px-2 max-w-2xl "
        >
          Very severe
        </td>
        <td
          className="govuk-table__cell align-middle overflow-hidden px-2 max-w-2xl "
        >
          Open
        </td>
      </tr>
      <tr
        className="govuk-table__row"
      >
        <th
          className="govuk-table__header align-middle"
          scope="row"
        >
          <a
            className="govuk-link"
            href="/disruption-detail/e234615d-8301-49c2-8143-1fca9dc187db?return=%2Fview-all-templates"
            onClick={[Function]}
            onMouseEnter={[Function]}
            onTouchStart={[Function]}
          >
            8fg3ha
          </a>
        </th>
        <td
          className="govuk-table__cell align-middle overflow-hidden px-2 max-w-2xl "
        >
          Alien attack - counter attack needed immediately to conserve human life. Aliens are known to be...
        </td>
        <td
          className="govuk-table__cell align-middle overflow-hidden px-2 max-w-2xl "
        >
          Tram
        </td>
        <td
          className="govuk-table__cell align-middle overflow-hidden px-2 max-w-2xl "
        >
          18/01/2022
        </td>
        <td
          className="govuk-table__cell align-middle overflow-hidden px-2 max-w-2xl "
        >
          No end time
        </td>
        <td
          className="govuk-table__cell align-middle overflow-hidden px-2 max-w-2xl "
        >
          Very severe
        </td>
        <td
          className="govuk-table__cell align-middle overflow-hidden px-2 max-w-2xl "
        >
          Open
        </td>
      </tr>
      <tr
        className="govuk-table__row"
      >
        <th
          className="govuk-table__header align-middle"
          scope="row"
        >
          <a
            className="govuk-link"
            href="/type-of-consequence/dfd19560-99c1-4da6-8a73-de1220f37056/0?return=%2Fview-all-templates"
            onClick={[Function]}
            onMouseEnter={[Function]}
            onTouchStart={[Function]}
          >
            8fg3ha
          </a>
        </th>
        <td
          className="govuk-table__cell align-middle overflow-hidden px-2 max-w-2xl "
        >
          Busted reunion traffic
        </td>
        <td
          className="govuk-table__cell align-middle overflow-hidden px-2 max-w-2xl "
        >
          Tram, Ferry, Train
        </td>
        <td
          className="govuk-table__cell align-middle overflow-hidden px-2 max-w-2xl "
        >
          19/01/2022
        </td>
        <td
          className="govuk-table__cell align-middle overflow-hidden px-2 max-w-2xl "
        >
          11/05/2024
        </td>
        <td
          className="govuk-table__cell align-middle overflow-hidden px-2 max-w-2xl "
        >
          Severe
        </td>
        <td
          className="govuk-table__cell align-middle overflow-hidden px-2 max-w-2xl "
        >
          Draft
        </td>
      </tr>
    </tbody>
  </table>,
]
`;

exports[`pages > ViewAllContents > should render correctly when there are enough disruptions for pagination 1`] = `
[
  <h1
    className="govuk-heading-xl"
  >
    View all disruptions
  </h1>,
  <div>
    <a
      className="govuk-button govuk-button--start"
      data-module="govuk-button"
      draggable="false"
      href="/create-disruption/acde070d-8c4c-4f0d-9d8a-162843c10333"
      id="create-new-button"
      onClick={[Function]}
      onMouseEnter={[Function]}
      onTouchStart={[Function]}
      role="button"
    >
      Create new disruption
      <svg
        className="govuk-button__start-icon"
        focusable="false"
        height="19"
        role="presentation"
        viewBox="0 0 33 40"
        width="17.5"
        xmlns="http://www.w3.org/2000/svg"
      >
        <path
          d="M0 0h13l20 20-20 20H0l20-20z"
          fill="currentColor"
        />
      </svg>
    </a>
    <div
      className="flex"
    >
      <button
        className="govuk-button govuk-button--secondary block"
        data-module="govuk-button"
        onClick={[Function]}
      >
        Show 
        filters
      </button>
      <button
        className="govuk-button govuk-button--secondary ml-2"
        data-module="govuk-button"
        onClick={[Function]}
      >
        Export
      </button>
    </div>
  </div>,
  <table
    className="govuk-table"
  >
    <thead
      className="govuk-table__head"
    >
      <tr
        className="govuk-table__row"
      >
        <th
          className="govuk-table__header align-middle px-2"
          scope="col"
        >
          ID
        </th>
        <th
          className="govuk-table__header align-middle px-2"
          scope="col"
        >
          Summary
        </th>
        <th
          className="govuk-table__header align-middle px-2"
          scope="col"
        >
          Modes
        </th>
        <th
          className="govuk-table__header align-middle px-2"
          scope="col"
        >
          Starts
        </th>
        <th
          className="govuk-table__header align-middle px-2"
          scope="col"
        >
          Ends
        </th>
        <th
          className="govuk-table__header align-middle px-2"
          scope="col"
        >
          Severity
        </th>
        <th
          className="govuk-table__header align-middle px-2"
          scope="col"
        >
          Status
        </th>
      </tr>
    </thead>
    <tbody
      className="govuk-table__body"
    >
      <tr
        className="govuk-table__row"
      >
        <th
          className="govuk-table__header align-middle"
          scope="row"
        >
          <a
            className="govuk-link"
            href="/disruption-detail/c58ba826-ac18-41c5-8476-8172dfa6ea24?return=%2Fview-all-templates"
            onClick={[Function]}
            onMouseEnter={[Function]}
            onTouchStart={[Function]}
          >
            8fg3ha
          </a>
        </th>
        <td
          className="govuk-table__cell align-middle overflow-hidden px-2 max-w-2xl "
        >
          Alien attack - counter attack needed immediately to conserve human life. Aliens are known to be...
        </td>
        <td
          className="govuk-table__cell align-middle overflow-hidden px-2 max-w-2xl "
        >
          Tram
        </td>
        <td
          className="govuk-table__cell align-middle overflow-hidden px-2 max-w-2xl "
        >
          05/01/2022
        </td>
        <td
          className="govuk-table__cell align-middle overflow-hidden px-2 max-w-2xl "
        >
          No end time
        </td>
        <td
          className="govuk-table__cell align-middle overflow-hidden px-2 max-w-2xl "
        >
          Very severe
        </td>
        <td
          className="govuk-table__cell align-middle overflow-hidden px-2 max-w-2xl "
        >
          Open
        </td>
      </tr>
      <tr
        className="govuk-table__row"
      >
        <th
          className="govuk-table__header align-middle"
          scope="row"
        >
          <a
            className="govuk-link"
            href="/disruption-detail/e234615d-8301-49c2-8143-1fca9dc187db?return=%2Fview-all-templates"
            onClick={[Function]}
            onMouseEnter={[Function]}
            onTouchStart={[Function]}
          >
            8fg3ha
          </a>
        </th>
        <td
          className="govuk-table__cell align-middle overflow-hidden px-2 max-w-2xl "
        >
          Alien attack - counter attack needed immediately to conserve human life. Aliens are known to be...
        </td>
        <td
          className="govuk-table__cell align-middle overflow-hidden px-2 max-w-2xl "
        >
          Tram
        </td>
        <td
          className="govuk-table__cell align-middle overflow-hidden px-2 max-w-2xl "
        >
          18/01/2022
        </td>
        <td
          className="govuk-table__cell align-middle overflow-hidden px-2 max-w-2xl "
        >
          No end time
        </td>
        <td
          className="govuk-table__cell align-middle overflow-hidden px-2 max-w-2xl "
        >
          Very severe
        </td>
        <td
          className="govuk-table__cell align-middle overflow-hidden px-2 max-w-2xl "
        >
          Open
        </td>
      </tr>
      <tr
        className="govuk-table__row"
      >
        <th
          className="govuk-table__header align-middle"
          scope="row"
        >
          <a
            className="govuk-link"
            href="/type-of-consequence/dfd19560-99c1-4da6-8a73-de1220f37056/0?return=%2Fview-all-templates"
            onClick={[Function]}
            onMouseEnter={[Function]}
            onTouchStart={[Function]}
          >
            8fg3ha
          </a>
        </th>
        <td
          className="govuk-table__cell align-middle overflow-hidden px-2 max-w-2xl "
        >
          Busted reunion traffic
        </td>
        <td
          className="govuk-table__cell align-middle overflow-hidden px-2 max-w-2xl "
        >
          Tram, Ferry, Train
        </td>
        <td
          className="govuk-table__cell align-middle overflow-hidden px-2 max-w-2xl "
        >
          19/01/2022
        </td>
        <td
          className="govuk-table__cell align-middle overflow-hidden px-2 max-w-2xl "
        >
          11/05/2024
        </td>
        <td
          className="govuk-table__cell align-middle overflow-hidden px-2 max-w-2xl "
        >
          Severe
        </td>
        <td
          className="govuk-table__cell align-middle overflow-hidden px-2 max-w-2xl "
        >
          Draft
        </td>
      </tr>
      <tr
        className="govuk-table__row"
      >
        <th
          className="govuk-table__header align-middle"
          scope="row"
        >
          <a
            className="govuk-link"
            href="/disruption-detail/c58ba826-ac18-41c5-8476-8172dfa6ea24?return=%2Fview-all-templates"
            onClick={[Function]}
            onMouseEnter={[Function]}
            onTouchStart={[Function]}
          >
            8fg3ha
          </a>
        </th>
        <td
          className="govuk-table__cell align-middle overflow-hidden px-2 max-w-2xl "
        >
          Alien attack - counter attack needed immediately to conserve human life. Aliens are known to be...
        </td>
        <td
          className="govuk-table__cell align-middle overflow-hidden px-2 max-w-2xl "
        >
          Tram
        </td>
        <td
          className="govuk-table__cell align-middle overflow-hidden px-2 max-w-2xl "
        >
          05/01/2022
        </td>
        <td
          className="govuk-table__cell align-middle overflow-hidden px-2 max-w-2xl "
        >
          No end time
        </td>
        <td
          className="govuk-table__cell align-middle overflow-hidden px-2 max-w-2xl "
        >
          Very severe
        </td>
        <td
          className="govuk-table__cell align-middle overflow-hidden px-2 max-w-2xl "
        >
          Open
        </td>
      </tr>
      <tr
        className="govuk-table__row"
      >
        <th
          className="govuk-table__header align-middle"
          scope="row"
        >
          <a
            className="govuk-link"
            href="/disruption-detail/e234615d-8301-49c2-8143-1fca9dc187db?return=%2Fview-all-templates"
            onClick={[Function]}
            onMouseEnter={[Function]}
            onTouchStart={[Function]}
          >
            8fg3ha
          </a>
        </th>
        <td
          className="govuk-table__cell align-middle overflow-hidden px-2 max-w-2xl "
        >
          Alien attack - counter attack needed immediately to conserve human life. Aliens are known to be...
        </td>
        <td
          className="govuk-table__cell align-middle overflow-hidden px-2 max-w-2xl "
        >
          Tram
        </td>
        <td
          className="govuk-table__cell align-middle overflow-hidden px-2 max-w-2xl "
        >
          18/01/2022
        </td>
        <td
          className="govuk-table__cell align-middle overflow-hidden px-2 max-w-2xl "
        >
          No end time
        </td>
        <td
          className="govuk-table__cell align-middle overflow-hidden px-2 max-w-2xl "
        >
          Very severe
        </td>
        <td
          className="govuk-table__cell align-middle overflow-hidden px-2 max-w-2xl "
        >
          Open
        </td>
      </tr>
      <tr
        className="govuk-table__row"
      >
        <th
          className="govuk-table__header align-middle"
          scope="row"
        >
          <a
            className="govuk-link"
            href="/type-of-consequence/dfd19560-99c1-4da6-8a73-de1220f37056/0?return=%2Fview-all-templates"
            onClick={[Function]}
            onMouseEnter={[Function]}
            onTouchStart={[Function]}
          >
            8fg3ha
          </a>
        </th>
        <td
          className="govuk-table__cell align-middle overflow-hidden px-2 max-w-2xl "
        >
          Busted reunion traffic
        </td>
        <td
          className="govuk-table__cell align-middle overflow-hidden px-2 max-w-2xl "
        >
          Tram, Ferry, Train
        </td>
        <td
          className="govuk-table__cell align-middle overflow-hidden px-2 max-w-2xl "
        >
          19/01/2022
        </td>
        <td
          className="govuk-table__cell align-middle overflow-hidden px-2 max-w-2xl "
        >
          11/05/2024
        </td>
        <td
          className="govuk-table__cell align-middle overflow-hidden px-2 max-w-2xl "
        >
          Severe
        </td>
        <td
          className="govuk-table__cell align-middle overflow-hidden px-2 max-w-2xl "
        >
          Draft
        </td>
      </tr>
      <tr
        className="govuk-table__row"
      >
        <th
          className="govuk-table__header align-middle"
          scope="row"
        >
          <a
            className="govuk-link"
            href="/disruption-detail/c58ba826-ac18-41c5-8476-8172dfa6ea24?return=%2Fview-all-templates"
            onClick={[Function]}
            onMouseEnter={[Function]}
            onTouchStart={[Function]}
          >
            8fg3ha
          </a>
        </th>
        <td
          className="govuk-table__cell align-middle overflow-hidden px-2 max-w-2xl "
        >
          Alien attack - counter attack needed immediately to conserve human life. Aliens are known to be...
        </td>
        <td
          className="govuk-table__cell align-middle overflow-hidden px-2 max-w-2xl "
        >
          Tram
        </td>
        <td
          className="govuk-table__cell align-middle overflow-hidden px-2 max-w-2xl "
        >
          05/01/2022
        </td>
        <td
          className="govuk-table__cell align-middle overflow-hidden px-2 max-w-2xl "
        >
          No end time
        </td>
        <td
          className="govuk-table__cell align-middle overflow-hidden px-2 max-w-2xl "
        >
          Very severe
        </td>
        <td
          className="govuk-table__cell align-middle overflow-hidden px-2 max-w-2xl "
        >
          Open
        </td>
      </tr>
      <tr
        className="govuk-table__row"
      >
        <th
          className="govuk-table__header align-middle"
          scope="row"
        >
          <a
            className="govuk-link"
            href="/disruption-detail/e234615d-8301-49c2-8143-1fca9dc187db?return=%2Fview-all-templates"
            onClick={[Function]}
            onMouseEnter={[Function]}
            onTouchStart={[Function]}
          >
            8fg3ha
          </a>
        </th>
        <td
          className="govuk-table__cell align-middle overflow-hidden px-2 max-w-2xl "
        >
          Alien attack - counter attack needed immediately to conserve human life. Aliens are known to be...
        </td>
        <td
          className="govuk-table__cell align-middle overflow-hidden px-2 max-w-2xl "
        >
          Tram
        </td>
        <td
          className="govuk-table__cell align-middle overflow-hidden px-2 max-w-2xl "
        >
          18/01/2022
        </td>
        <td
          className="govuk-table__cell align-middle overflow-hidden px-2 max-w-2xl "
        >
          No end time
        </td>
        <td
          className="govuk-table__cell align-middle overflow-hidden px-2 max-w-2xl "
        >
          Very severe
        </td>
        <td
          className="govuk-table__cell align-middle overflow-hidden px-2 max-w-2xl "
        >
          Open
        </td>
      </tr>
      <tr
        className="govuk-table__row"
      >
        <th
          className="govuk-table__header align-middle"
          scope="row"
        >
          <a
            className="govuk-link"
            href="/type-of-consequence/dfd19560-99c1-4da6-8a73-de1220f37056/0?return=%2Fview-all-templates"
            onClick={[Function]}
            onMouseEnter={[Function]}
            onTouchStart={[Function]}
          >
            8fg3ha
          </a>
        </th>
        <td
          className="govuk-table__cell align-middle overflow-hidden px-2 max-w-2xl "
        >
          Busted reunion traffic
        </td>
        <td
          className="govuk-table__cell align-middle overflow-hidden px-2 max-w-2xl "
        >
          Tram, Ferry, Train
        </td>
        <td
          className="govuk-table__cell align-middle overflow-hidden px-2 max-w-2xl "
        >
          19/01/2022
        </td>
        <td
          className="govuk-table__cell align-middle overflow-hidden px-2 max-w-2xl "
        >
          11/05/2024
        </td>
        <td
          className="govuk-table__cell align-middle overflow-hidden px-2 max-w-2xl "
        >
          Severe
        </td>
        <td
          className="govuk-table__cell align-middle overflow-hidden px-2 max-w-2xl "
        >
          Draft
        </td>
      </tr>
      <tr
        className="govuk-table__row"
      >
        <th
          className="govuk-table__header align-middle"
          scope="row"
        >
          <a
            className="govuk-link"
            href="/disruption-detail/c58ba826-ac18-41c5-8476-8172dfa6ea24?return=%2Fview-all-templates"
            onClick={[Function]}
            onMouseEnter={[Function]}
            onTouchStart={[Function]}
          >
            8fg3ha
          </a>
        </th>
        <td
          className="govuk-table__cell align-middle overflow-hidden px-2 max-w-2xl "
        >
          Alien attack - counter attack needed immediately to conserve human life. Aliens are known to be...
        </td>
        <td
          className="govuk-table__cell align-middle overflow-hidden px-2 max-w-2xl "
        >
          Tram
        </td>
        <td
          className="govuk-table__cell align-middle overflow-hidden px-2 max-w-2xl "
        >
          05/01/2022
        </td>
        <td
          className="govuk-table__cell align-middle overflow-hidden px-2 max-w-2xl "
        >
          No end time
        </td>
        <td
          className="govuk-table__cell align-middle overflow-hidden px-2 max-w-2xl "
        >
          Very severe
        </td>
        <td
          className="govuk-table__cell align-middle overflow-hidden px-2 max-w-2xl "
        >
          Open
        </td>
      </tr>
    </tbody>
  </table>,
  <nav
    className="govuk-pagination justify-center"
    role="navigation"
  >
    <ul
      className="govuk-pagination__list"
    >
       
      <li
        className="govuk-pagination__item govuk-pagination__item--current"
      >
        <a
          aria-label="Page 1"
          className="govuk-link govuk-pagination__link"
          data-module="govuk-button"
          draggable="false"
          href="#"
          onClick={[Function]}
          onMouseEnter={[Function]}
          onTouchStart={[Function]}
          role="button"
        >
          1
           
        </a>
      </li>
      <li
        className="govuk-pagination__item"
      >
        <a
          aria-label="Page 2"
          className="govuk-link govuk-pagination__link"
          data-module="govuk-button"
          draggable="false"
          href="#"
          onClick={[Function]}
          onMouseEnter={[Function]}
          onTouchStart={[Function]}
          role="button"
        >
          2
           
        </a>
      </li>
    </ul>
    <div
      className="govuk-pagination__next"
    >
      <a
        aria-label="Page 2"
        className="govuk-link govuk-pagination__link"
        data-module="govuk-button"
        draggable="false"
        href=""
        onClick={[Function]}
        onMouseEnter={[Function]}
        onTouchStart={[Function]}
        rel="next"
        role="button"
      >
        <span
          className="govuk-pagination__link-title"
        >
          Next
        </span>
         
        <svg
          aria-hidden="true"
          className="govuk-pagination__icon govuk-pagination__icon--next"
          focusable="false"
          height="13"
          viewBox="0 0 15 13"
          width="15"
          xmlns="http://www.w3.org/2000/svg"
        >
          <path
            d="m8.107-0.0078125-1.4136 1.414 4.2926 4.293h-12.986v2h12.896l-4.1855 3.9766 1.377 1.4492 6.7441-6.4062-6.7246-6.7266z"
          />
        </svg>
      </a>
    </div>
  </nav>,
]
`;

exports[`pages > ViewAllContents > should render correctly when there are no disruptions 1`] = `
[
  <h1
    className="govuk-heading-xl"
  >
    View all disruptions
  </h1>,
  <div>
    <a
      className="govuk-button govuk-button--start"
      data-module="govuk-button"
      draggable="false"
      href="/create-disruption/acde070d-8c4c-4f0d-9d8a-162843c10333"
      id="create-new-button"
      onClick={[Function]}
      onMouseEnter={[Function]}
      onTouchStart={[Function]}
      role="button"
    >
      Create new disruption
      <svg
        className="govuk-button__start-icon"
        focusable="false"
        height="19"
        role="presentation"
        viewBox="0 0 33 40"
        width="17.5"
        xmlns="http://www.w3.org/2000/svg"
      >
        <path
          d="M0 0h13l20 20-20 20H0l20-20z"
          fill="currentColor"
        />
      </svg>
    </a>
    <div
      className="flex"
    >
      <button
        className="govuk-button govuk-button--secondary block"
        data-module="govuk-button"
        onClick={[Function]}
      >
        Show 
        filters
      </button>
      <button
        className="govuk-button govuk-button--secondary ml-2"
        data-module="govuk-button"
        onClick={[Function]}
      >
        Export
      </button>
    </div>
  </div>,
  <table
    className="govuk-table"
  >
    <thead
      className="govuk-table__head"
    >
      <tr
        className="govuk-table__row"
      >
        <th
          className="govuk-table__header align-middle px-2"
          scope="col"
        >
          ID
        </th>
        <th
          className="govuk-table__header align-middle px-2"
          scope="col"
        >
          Summary
        </th>
        <th
          className="govuk-table__header align-middle px-2"
          scope="col"
        >
          Modes
        </th>
        <th
          className="govuk-table__header align-middle px-2"
          scope="col"
        >
          Starts
        </th>
        <th
          className="govuk-table__header align-middle px-2"
          scope="col"
        >
          Ends
        </th>
        <th
          className="govuk-table__header align-middle px-2"
          scope="col"
        >
          Severity
        </th>
        <th
          className="govuk-table__header align-middle px-2"
          scope="col"
        >
          Status
        </th>
      </tr>
    </thead>
    <tbody
      className="govuk-table__body"
    />
  </table>,
]
`;
