// Vitest Snapshot v1, https://vitest.dev/guide/snapshot.html

exports[`FormElementWrapper > should render correctly around an input with errors 1`] = `
<DocumentFragment>
  <div
    class=""
  >
    <span
      class="govuk-error-message"
      id="test-div-error"
    >
      <span
        class="govuk-visually-hidden"
      >
        Error: 
      </span>
      There was an error
    </span>
    <input
      aria-describedby="test-div-error"
      class="govuk-input--error"
      id="test-div"
    />
  </div>
</DocumentFragment>
`;

exports[`FormElementWrapper > should render correctly with no errors 1`] = `
<DocumentFragment>
  <div
    class=""
  >
    <div />
  </div>
</DocumentFragment>
`;
